[CYCLE POST-MORTEM]

Strategy: arena-steward
Action taken: close
Outcome: realized PnL +2.3%

Answer tersely, grounded on numeric evidence from the cycle:
1. Was the decision correct given the evidence available at entry? Why or why not?
2. Extract ONE reusable lesson (``lessons_learned``) and ONE concrete adjustment for the next identical setup (``adjustment_plan``). Keep each under 240 characters.
3. Return a single JSON object with NO markdown fencing:
{"lessons_learned": "...", "adjustment_plan": "...", "confidence": 0.0-1.0, "tags": ["..."]}
