[CYCLE #42] 2026-04-17 10:00 -- elapsed 20 min, cadence 20 min.

Strategy banner (stable)

Hard risk floor (stable)

Tactical box (stable)

Decision flow (stable)

[MARKET DATA]
BTC: 68500 / ETH: 3582

[NEWS FEED]
none

[EXTERNAL SIGNALS]
none

[ACCOUNT SNAPSHOT]
Equity 1000 USDT

[OPEN POSITIONS]
none

Sharpe: 1.42

[RECENT TRADES]
none

Based on the above, call ONE of: open_position / close_position / partial_close / hold_tool.
The `reason` field MUST be a complete StructuredReason JSON object with all 7 keys.
Reply reasoning (market_context / gates_passed / invalidation_condition / justification fields) in zh. Use the section headers "Market Context" / "Gates Passed" / "Invalidation" / "Plan" / "Confidence" in that language where applicable.
